<html>
<body>
<pre>
<h1>礦ision Build Log</h1>
<h2>Tool Versions:</h2>
IDE-Version: μVision V5.16a
Copyright (C) 2015 ARM Ltd and ARM Germany GmbH. All rights reserved.
License Information: q jhon, q, LIC=76F5U-S65PV-GKVBG-VPEZW-V5YI1-VRTP5
 
Tool Versions:
Toolchain:       MDK-ARM Standard  Version: 5.16a
Toolchain Path:  C:\Keil\ARM\ARMCC\Bin
C Compiler:      Armcc.exe V5.06 (build 20)
Assembler:       Armasm.exe V5.06 (build 20)
Linker/Locator:  ArmLink.exe V5.06 (build 20)
Library Manager: ArmAr.exe V5.06 (build 20)
Hex Converter:   FromElf.exe V5.06 (build 20)
CPU DLL:         SARMCM3.DLL V5.16a
Dialog DLL:      DCM.DLL V1.13.2.0
Target DLL:      STLink\ST-LINKIII-KEIL_SWO.dll V2.0.17.0
Dialog DLL:      TCM.DLL V1.14.5.0
 
<h2>Project:</h2>
E:\BaiduNetdiskDownload\STM32H7资料包\SDK\H7_DEMO\STM32H750VBT6_DEMO_12M\LCD_1.14inch\MDK-ARM\STM32H750VBT6.uvprojx
Project File Date:  11/16/2021

<h2>Output:</h2>
*** Using Compiler 'V5.06 (build 20)', folder: 'C:\Keil\ARM\ARMCC\Bin'
Build target 'STM32H750VBT6'
compiling stm32h7xx_hal_msp.c...
compiling gpio.c...
compiling spi.c...
compiling stm32h7xx_hal_flash.c...
compiling usart.c...
compiling stm32h7xx_hal_flash_ex.c...
compiling stm32h7xx_hal_cortex.c...
compiling stm32h7xx_hal_rcc.c...
compiling stm32h7xx_it.c...
compiling main.c...
../Core/Src/main.c(75): warning:  #177-D: variable "color" was declared but never referenced
  	u8 color = 0;
../Core/Src/main.c: 1 warning, 0 errors
compiling stm32h7xx_hal_rcc_ex.c...
compiling stm32h7xx_hal_gpio.c...
compiling stm32h7xx_hal_hsem.c...
compiling stm32h7xx_hal_pwr.c...
compiling stm32h7xx_hal.c...
compiling stm32h7xx_hal_mdma.c...
compiling stm32h7xx_hal_i2c_ex.c...
compiling stm32h7xx_hal_dma_ex.c...
compiling stm32h7xx_hal_pwr_ex.c...
compiling stm32h7xx_hal_exti.c...
compiling stm32h7xx_hal_i2c.c...
compiling stm32h7xx_hal_dma.c...
compiling stm32h7xx_hal_tim_ex.c...
compiling system_stm32h7xx.c...
compiling stm32h7xx_hal_spi_ex.c...
compiling stm32h7xx_hal_tim.c...
compiling stm32h7xx_hal_spi.c...
compiling BSP_SPI.c...
compiling tftlcd.c...
compiling stm32h7xx_hal_uart_ex.c...
compiling BSP_USART.c...
compiling BSP_GPIO.c...
compiling stm32h7xx_hal_uart.c...
linking...
Program Size: Code=20998 RO-data=20134 RW-data=24 ZI-data=5624  
FromELF: creating hex file...
"STM32H750VBT6\STM32H750VBT6.axf" - 0 Error(s), 1 Warning(s).

<h2>Software Packages used:</h2>

Package Vendor: ARM
                http://www.keil.com/pack/ARM.CMSIS.5.1.0.pack
                ARM::CMSIS:CORE:5.0.2
                CMSIS (Cortex Microcontroller Software Interface Standard)
   * Component: CORE Version: 5.0.2

<h2>Collection of Component include folders:</h2>
  E:\BaiduNetdiskDownload\STM32H7资料包\SDK\H7_DEMO\STM32H750VBT6_DEMO_12M\LCD_1.14inch\MDK-ARM\RTE
  C:\Keil\ARM\PACK\ARM\CMSIS\5.1.0\CMSIS\Include
  C:\Keil\ARM\PACK\Keil\STM32H7xx_DFP\2.7.0\Drivers\CMSIS\Device\ST\STM32H7xx\Include

<h2>Collection of Component Files used:</h2>

   * Component: ARM::CMSIS:CORE:5.0.2
Build Time Elapsed:  00:01:34
</pre>
</body>
</html>
